To honour the JVM settings for this build a single-use Daemon process will be forked. For more on this, please refer to https://docs.gradle.org/8.8/userguide/gradle_daemon.html#sec:disabling_the_daemon in the Gradle documentation.
Daemon will be stopped at the end of the build 

> Configure project :
MixinGradle did not locate the diffplug APT plugin, skipping eclipse task configuration

> Task :downloadMcpConfig
> Task :extractSrg UP-TO-DATE
> Task :createMcpToSrg UP-TO-DATE

> Task :compileJava
×¢: SpongePowered MIXIN Annotation Processor Version=0.8.5 (MixinGradle Version=0.7)
×¢: Supported obfuscation types: ObfuscationServiceMCP supports [notch] ObfuscationServiceFG3 supports [searge]
×¢: Loading searge mappings from F:\MINECRAFTMODS\WORKSPACE\Alone Adventure\build\createMcpToSrg\output.tsrg
×¢: Writing refmap to F:\MINECRAFTMODS\WORKSPACE\Alone Adventure\build\tmp\compileJava\compileJava-refmap.json
×¢: Writing refmap to F:\MINECRAFTMODS\WORKSPACE\Alone Adventure\build\tmp\compileJava\compileJava-refmap.json
×¢: Writing searge composite mappings to F:\MINECRAFTMODS\WORKSPACE\Alone Adventure\build\tmp\compileJava\compileJava-mappings.tsrg
F:\MINECRAFTMODS\WORKSPACE\Alone Adventure\src\main\java\Alone818\com\alone_adventure\events\FactionSpawnEvent.java:12: ´íÎó: ÕÒ²»µ½·ûºÅ
import net.minecraft.server.level.ServerLevelAccessor;
                                 ^
  ·ûºÅ:   Àà ServerLevelAccessor
  Î»ÖÃ: ³ÌÐò°ü net.minecraft.server.level
F:\MINECRAFTMODS\WORKSPACE\Alone Adventure\src\main\java\Alone818\com\alone_adventure\events\FactionSpawnEvent.java:170: ´íÎó: ÕÒ²»µ½·ûºÅ
            ServerLevelAccessor level
            ^
  ·ûºÅ:   Àà ServerLevelAccessor
  Î»ÖÃ: Àà FactionSpawnEvent
F:\MINECRAFTMODS\WORKSPACE\Alone Adventure\src\main\java\Alone818\com\alone_adventure\events\FactionSpawnEvent.java:235: ´íÎó: ÕÒ²»µ½·ûºÅ
            ServerLevelAccessor level,
            ^
  ·ûºÅ:   Àà ServerLevelAccessor
  Î»ÖÃ: Àà FactionSpawnEvent
×¢: Writing refmap to F:\MINECRAFTMODS\WORKSPACE\Alone Adventure\build\tmp\compileJava\compileJava-refmap.json
×¢: Writing refmap to F:\MINECRAFTMODS\WORKSPACE\Alone Adventure\build\tmp\compileJava\compileJava-refmap.json
×¢: Writing searge composite mappings to F:\MINECRAFTMODS\WORKSPACE\Alone Adventure\build\tmp\compileJava\compileJava-mappings.tsrg
3 ¸ö´íÎó

> Task :compileJava FAILED

FAILURE: Build failed with an exception.

* What went wrong:
Execution failed for task ':compileJava'.
> Compilation failed; see the compiler error output for details.

* Try:
> Run with --info option to get more log output.
> Run with --scan to get full insights.

Deprecated Gradle features were used in this build, making it incompatible with Gradle 9.0.

You can use '--warning-mode all' to show the individual deprecation warnings and determine if they come from your own scripts or plugins.

For more on this, please refer to https://docs.gradle.org/8.8/userguide/command_line_interface.html#sec:command_line_warnings in the Gradle documentation.

BUILD FAILED in 15s
4 actionable tasks: 2 executed, 2 up-to-date
